// Jest Snapshot v1, https://goo.gl/fbAQLP

exports[`Form should match the snapshot 1`] = `
<form
  className="Form>"
>
  <input
    id="Form__input--name"
    name="name"
    onChange={[Function]}
    placeholder="Name"
    type="text"
    value=""
  />
  <input
    id="Form__input--date"
    name="date"
    onChange={[Function]}
    placeholder="Date (mm/dd)"
    type="text"
    value=""
  />
  <input
    id="Form__input--time"
    name="time"
    onChange={[Function]}
    placeholder="Time"
    type="text"
    value=""
  />
  <input
    id="Form__input--number"
    name="number"
    onChange={[Function]}
    placeholder="Number of Guests"
    type="text"
    value=""
  />
  <button
    id="Form__btn--submit"
    name="submit"
    onClick={[Function]}
    type="button"
  >
    Make Reservation
  </button>
</form>
`;
